[   18328ms] [LOG] backdate_limit --  -600 @ http://citylinenetworks.infisuite.in/assets/js/custom_datepicker.js:9
[   18539ms] Uncaught (in promise) Error: Container is not defined
    at gvjs_Qh (https://www.gstatic.com/charts/51/js/jsapi_compiled_default_module.js:143:187)
    at gvjs_Qn (https://www.gstatic.com/charts/51/js/jsapi_compiled_default_module.js:456:355)
    at gvjs_iL (https://www.gstatic.com/charts/51/js/jsapi_compiled_ui_module.js:1025:597)
    at gvjs_jL (https://www.gstatic.com/charts/51/js/jsapi_compiled_ui_module.js:1055:357)
    at drawChartThreshold (http://citylinenetworks.infisuite.in/assets/js/custom_view_crm_dashboards.js:43:20)
[   18539ms] Uncaught (in promise) Error: Container is not defined
    at gvjs_Qh (https://www.gstatic.com/charts/51/js/jsapi_compiled_default_module.js:143:187)
    at gvjs_Qn (https://www.gstatic.com/charts/51/js/jsapi_compiled_default_module.js:456:355)
    at gvjs_iL (https://www.gstatic.com/charts/51/js/jsapi_compiled_ui_module.js:1025:597)
    at gvjs_jL (https://www.gstatic.com/charts/51/js/jsapi_compiled_ui_module.js:1055:357)
    at drawChartThreshold (http://citylinenetworks.infisuite.in/assets/js/custom_view_crm_dashboards.js:64:20)
[   85413ms] [LOG] vdfvdfvfg @ http://citylinenetworks.infisuite.in/assets/js/custom.js:493
[   85414ms] [LOG] custom_list_crm_leads.php @ http://citylinenetworks.infisuite.in/index:1095
[   86014ms] Uncaught (in promise) Error: Container is not defined
    at gvjs_Qh (https://www.gstatic.com/charts/51/js/jsapi_compiled_default_module.js:143:187)
    at gvjs_Qn (https://www.gstatic.com/charts/51/js/jsapi_compiled_default_module.js:456:355)
    at gvjs_iL (https://www.gstatic.com/charts/51/js/jsapi_compiled_ui_module.js:1025:597)
    at gvjs_jL (https://www.gstatic.com/charts/51/js/jsapi_compiled_ui_module.js:1055:357)
    at drawChartThreshold (:43:20)
[   86014ms] Uncaught (in promise) Error: Container is not defined
    at gvjs_Qh (https://www.gstatic.com/charts/51/js/jsapi_compiled_default_module.js:143:187)
    at gvjs_Qn (https://www.gstatic.com/charts/51/js/jsapi_compiled_default_module.js:456:355)
    at gvjs_iL (https://www.gstatic.com/charts/51/js/jsapi_compiled_ui_module.js:1025:597)
    at gvjs_jL (https://www.gstatic.com/charts/51/js/jsapi_compiled_ui_module.js:1055:357)
    at drawChartThreshold (:64:20)
[   86014ms] Uncaught (in promise) Error: Container is not defined
    at gvjs_Qh (https://www.gstatic.com/charts/51/js/jsapi_compiled_default_module.js:143:187)
    at gvjs_Qn (https://www.gstatic.com/charts/51/js/jsapi_compiled_default_module.js:456:355)
    at gvjs_iL (https://www.gstatic.com/charts/51/js/jsapi_compiled_ui_module.js:1025:597)
    at gvjs_jL (https://www.gstatic.com/charts/51/js/jsapi_compiled_ui_module.js:1055:357)
    at drawChartThreshold (:132:20)
[  107950ms] [LOG] vdfvdfvfg @ http://citylinenetworks.infisuite.in/assets/js/custom.js:493
[  107954ms] [LOG] custom_list_crm_projects.php @ http://citylinenetworks.infisuite.in/index:1095
[  140689ms] [LOG] vdfvdfvfg @ http://citylinenetworks.infisuite.in/assets/js/custom.js:493
[  140690ms] [LOG] custom_list_crm_projects.php @ http://citylinenetworks.infisuite.in/index:1095
[  156789ms] [LOG] vdfvdfvfg @ http://citylinenetworks.infisuite.in/assets/js/custom.js:493
[  156790ms] [LOG] custom_list_crm_projects.php @ http://citylinenetworks.infisuite.in/index:1095
[  171908ms] [LOG] dsfdsvdfsv @ http://citylinenetworks.infisuite.in/index:952
[  171909ms] [LOG] click side bar @ :4
