[    2172ms] [LOG] backdate_limit --  -600 @ http://citylinenetworks.infisuite.in/assets/js/custom_datepicker.js:9
[    2176ms] Uncaught (in promise) Error: Container is not defined
    at gvjs_Qh (https://www.gstatic.com/charts/51/js/jsapi_compiled_default_module.js:143:187)
    at gvjs_Qn (https://www.gstatic.com/charts/51/js/jsapi_compiled_default_module.js:456:355)
    at gvjs_iL (https://www.gstatic.com/charts/51/js/jsapi_compiled_ui_module.js:1025:597)
    at gvjs_jL (https://www.gstatic.com/charts/51/js/jsapi_compiled_ui_module.js:1055:357)
    at drawChartThreshold (http://citylinenetworks.infisuite.in/assets/js/custom_view_crm_dashboards.js:43:20)
[    2176ms] Uncaught (in promise) Error: Container is not defined
    at gvjs_Qh (https://www.gstatic.com/charts/51/js/jsapi_compiled_default_module.js:143:187)
    at gvjs_Qn (https://www.gstatic.com/charts/51/js/jsapi_compiled_default_module.js:456:355)
    at gvjs_iL (https://www.gstatic.com/charts/51/js/jsapi_compiled_ui_module.js:1025:597)
    at gvjs_jL (https://www.gstatic.com/charts/51/js/jsapi_compiled_ui_module.js:1055:357)
    at drawChartThreshold (http://citylinenetworks.infisuite.in/assets/js/custom_view_crm_dashboards.js:64:20)
[    7399ms] [LOG] vdfvdfvfg @ http://citylinenetworks.infisuite.in/assets/js/custom.js:493
[    7400ms] [LOG] custom_list_crm_leads.php @ http://citylinenetworks.infisuite.in/index:1095
[    8000ms] Uncaught (in promise) Error: Container is not defined
    at gvjs_Qh (https://www.gstatic.com/charts/51/js/jsapi_compiled_default_module.js:143:187)
    at gvjs_Qn (https://www.gstatic.com/charts/51/js/jsapi_compiled_default_module.js:456:355)
    at gvjs_iL (https://www.gstatic.com/charts/51/js/jsapi_compiled_ui_module.js:1025:597)
    at gvjs_jL (https://www.gstatic.com/charts/51/js/jsapi_compiled_ui_module.js:1055:357)
    at drawChartThreshold (:43:20)
[    8000ms] Uncaught (in promise) Error: Container is not defined
    at gvjs_Qh (https://www.gstatic.com/charts/51/js/jsapi_compiled_default_module.js:143:187)
    at gvjs_Qn (https://www.gstatic.com/charts/51/js/jsapi_compiled_default_module.js:456:355)
    at gvjs_iL (https://www.gstatic.com/charts/51/js/jsapi_compiled_ui_module.js:1025:597)
    at gvjs_jL (https://www.gstatic.com/charts/51/js/jsapi_compiled_ui_module.js:1055:357)
    at drawChartThreshold (:64:20)
[    8000ms] Uncaught (in promise) Error: Container is not defined
    at gvjs_Qh (https://www.gstatic.com/charts/51/js/jsapi_compiled_default_module.js:143:187)
    at gvjs_Qn (https://www.gstatic.com/charts/51/js/jsapi_compiled_default_module.js:456:355)
    at gvjs_iL (https://www.gstatic.com/charts/51/js/jsapi_compiled_ui_module.js:1025:597)
    at gvjs_jL (https://www.gstatic.com/charts/51/js/jsapi_compiled_ui_module.js:1055:357)
    at drawChartThreshold (:132:20)
[   21873ms] [LOG] vdfvdfvfg @ http://citylinenetworks.infisuite.in/assets/js/custom.js:493
[   21874ms] [LOG] custom_list_crm_contacts.php @ http://citylinenetworks.infisuite.in/index:1095
[   22473ms] Uncaught (in promise) Error: Container is not defined
    at gvjs_Qh (https://www.gstatic.com/charts/51/js/jsapi_compiled_default_module.js:143:187)
    at gvjs_Qn (https://www.gstatic.com/charts/51/js/jsapi_compiled_default_module.js:456:355)
    at gvjs_iL (https://www.gstatic.com/charts/51/js/jsapi_compiled_ui_module.js:1025:597)
    at gvjs_jL (https://www.gstatic.com/charts/51/js/jsapi_compiled_ui_module.js:1055:357)
    at drawChartThreshold (:43:20)
[   22473ms] Uncaught (in promise) Error: Container is not defined
    at gvjs_Qh (https://www.gstatic.com/charts/51/js/jsapi_compiled_default_module.js:143:187)
    at gvjs_Qn (https://www.gstatic.com/charts/51/js/jsapi_compiled_default_module.js:456:355)
    at gvjs_iL (https://www.gstatic.com/charts/51/js/jsapi_compiled_ui_module.js:1025:597)
    at gvjs_jL (https://www.gstatic.com/charts/51/js/jsapi_compiled_ui_module.js:1055:357)
    at drawChartThreshold (:64:20)
[   22473ms] Uncaught (in promise) Error: Container is not defined
    at gvjs_Qh (https://www.gstatic.com/charts/51/js/jsapi_compiled_default_module.js:143:187)
    at gvjs_Qn (https://www.gstatic.com/charts/51/js/jsapi_compiled_default_module.js:456:355)
    at gvjs_iL (https://www.gstatic.com/charts/51/js/jsapi_compiled_ui_module.js:1025:597)
    at gvjs_jL (https://www.gstatic.com/charts/51/js/jsapi_compiled_ui_module.js:1055:357)
    at drawChartThreshold (:154:20)
[   31897ms] [LOG] vdfvdfvfg @ http://citylinenetworks.infisuite.in/assets/js/custom.js:493
[   31898ms] [LOG] custom_list_crm_leads.php @ http://citylinenetworks.infisuite.in/index:1095
[   32492ms] Uncaught (in promise) Error: Container is not defined
    at gvjs_Qh (https://www.gstatic.com/charts/51/js/jsapi_compiled_default_module.js:143:187)
    at gvjs_Qn (https://www.gstatic.com/charts/51/js/jsapi_compiled_default_module.js:456:355)
    at gvjs_iL (https://www.gstatic.com/charts/51/js/jsapi_compiled_ui_module.js:1025:597)
    at gvjs_jL (https://www.gstatic.com/charts/51/js/jsapi_compiled_ui_module.js:1055:357)
    at drawChartThreshold (:43:20)
[   32493ms] Uncaught (in promise) Error: Container is not defined
    at gvjs_Qh (https://www.gstatic.com/charts/51/js/jsapi_compiled_default_module.js:143:187)
    at gvjs_Qn (https://www.gstatic.com/charts/51/js/jsapi_compiled_default_module.js:456:355)
    at gvjs_iL (https://www.gstatic.com/charts/51/js/jsapi_compiled_ui_module.js:1025:597)
    at gvjs_jL (https://www.gstatic.com/charts/51/js/jsapi_compiled_ui_module.js:1055:357)
    at drawChartThreshold (:64:20)
[   32493ms] Uncaught (in promise) Error: Container is not defined
    at gvjs_Qh (https://www.gstatic.com/charts/51/js/jsapi_compiled_default_module.js:143:187)
    at gvjs_Qn (https://www.gstatic.com/charts/51/js/jsapi_compiled_default_module.js:456:355)
    at gvjs_iL (https://www.gstatic.com/charts/51/js/jsapi_compiled_ui_module.js:1025:597)
    at gvjs_jL (https://www.gstatic.com/charts/51/js/jsapi_compiled_ui_module.js:1055:357)
    at drawChartThreshold (:132:20)
[   40778ms] [LOG] dsfdsvdfsv @ http://citylinenetworks.infisuite.in/index:952
[   40779ms] [LOG] click side bar @ :4
